/mount/disk1/rl-hyr/autoresearch/autorunner/runner.py:129: DeprecationWarning: Flags not at the start of the expression '\n    (?ix)\n    (?:\n ' (truncated) but at position 5
  _NON_ERROR_NUMERIC_FIELD_RE = re.compile(
/mount/disk1/rl-hyr/autoresearch/autorunner/runner.py:144: DeprecationWarning: Flags not at the start of the expression '\n    (?ix)\n    (\n   ' (truncated) but at position 5
  _FATAL_MODEL_STATUS_RE = re.compile(
       pid: 2954139
       pid: 2955430
       pid: 2960799
       pid: 3070443
       pid: 3070446
       pid: 3074924
       pid: 3079967
       pid: 3183953
       pid: 3183956
       pid: 3201796
       pid: 3211486
       pid: 3406921
       pid: 3408622
       pid: 3436062
       pid: 3448870
       pid: 3607792
       pid: 3608504
       pid: 3615583
       pid: 3746084
       pid: 3746087
       pid: 3785774
       pid: 3852363
       pid: 3958652
       pid: 3960426
       pid: 3972530
╭────────────────────── AutoResearch Parallel Dashboard ───────────────────────╮
│ elapsed: 9412s | progress: 17/20      queued: 0 | running: 3 | baseline:     │
│                                       0.987075                               │
│ repair: start=5 success=4 failed=0    filter: all                            │
│ out_of_scope=0                                                               │
│                                     GPU                                      │
│ ┏━━━━━━━━┳━━━━━━━━━━━━━━━━━┳━━━━━━━━━━━━━━┳━━━━━━━━━━━━━┳━━━━━━━━━━━━━━━━━━┓ │
│ ┃    gpu ┃        mem(MiB) ┃      util(%) ┃ state       ┃ candidate        ┃ │
│ ┡━━━━━━━━╇━━━━━━━━━━━━━━━━━╇━━━━━━━━━━━━━━╇━━━━━━━━━━━━━╇━━━━━━━━━━━━━━━━━━┩ │
│ │      0 │        11/20000 │         0/85 │ running     │ cand-000082      │ │
│ │      1 │        11/20000 │         0/85 │ idle        │                  │ │
│ │      2 │       151/20000 │         0/85 │ running     │ cand-000077      │ │
│ │      3 │        11/20000 │         0/85 │ running     │ cand-000079      │ │
│ └────────┴─────────────────┴──────────────┴─────────────┴──────────────────┘ │
│                                  Candidates                                  │
│ ┏━━━━━━━━━━━━━┳━━━━━━━━━┳━━━━━┳━━━━━━━━━┳━━━━━━━━━━━━┳━━━━━━━━━━━━━━━━━━━━━┓ │
│ ┃ id          ┃ status  ┃ gpu ┃ wait(s) ┃ runtime(s) ┃ desc                ┃ │
│ ┡━━━━━━━━━━━━━╇━━━━━━━━━╇━━━━━╇━━━━━━━━━╇━━━━━━━━━━━━╇━━━━━━━━━━━━━━━━━━━━━┩ │
│ │ cand-000077 │ running │   2 │    2347 │       2346 │ 将 RoPE 限制到每个  │ │
│ │             │         │     │         │            │ head                │ │
│ │             │         │     │         │            │ 的前半通道。后半通… │ │
│ │ cand-000079 │ running │   3 │    1950 │       1947 │ 新增中间层稀疏语言… │ │
│ │             │         │     │         │            │ token 后复用 lm...  │ │
│ │ cand-000082 │ running │   0 │    1814 │       1349 │ 将 ADAM_BETAS 改为  │ │
│ │             │         │     │         │            │ (0.8                │ │
│ │             │         │     │         │            │ 0.95625)。py_compi… │ │
│ │ cand-000060 │ keep    │   1 │       1 │       1327 │ 新增固定局部位置偏… │ │
│ │ cand-000059 │ discard │   0 │       1 │       1353 │ 标量参数继续使用原… │ │
│ │ cand-000061 │ discard │   0 │    1085 │       1402 │ 新增线性层行权重    │ │
│ │             │         │     │         │            │ RMS 超限惩罚。训练  │ │
│ │             │         │     │         │            │ loss                │ │
│ │             │         │     │         │            │ 加入固定小系数辅助… │ │
│ │ cand-000062 │ discard │   1 │    1153 │       1402 │ 新增每层 FFN value  │ │
│ │             │         │     │         │            │ skip                │ │
│ │             │         │     │         │            │ 标量门控。门控从零… │ │
│ │             │         │     │         │            │ MLP...              │ │
│ │ cand-000064 │ discard │   1 │    1053 │       1241 │ factored            │ │
│ │             │         │     │         │            │ 分母保持原样。      │ │
│ │ cand-000063 │ discard │   0 │    1346 │       1249 │ 将 ASPECT_RATIO 从  │ │
│ │             │         │     │         │            │ 64 改为 32。扩大    │ │
│ │             │         │     │         │            │ factored 二...      │ │
│ │ cand-000066 │ discard │   2 │       0 │       1281 │ 新增每头可学习相对… │ │
│ │             │         │     │         │            │ logits 通过 SDPA    │ │
│ │             │         │     │         │            │ 加入该偏置...       │ │
│ │ cand-000067 │ discard │   3 │       1 │       1254 │ 将 ASPECT_RATIO 从  │ │
│ │             │         │     │         │            │ 64 改为             │ │
│ │             │         │     │         │            │ 48。py_compile      │ │
│ │             │         │     │         │            │ 已通过。            │ │
│ │ cand-000068 │ discard │   1 │     758 │       1253 │ FFN value skip      │ │
│ │             │         │     │         │            │ 先对残差按 token    │ │
│ │             │         │     │         │            │ 去均值。            │ │
│ │ cand-000069 │ discard │   0 │     518 │       1249 │ 新增训练态高损失to… │ │
│ │ cand-000072 │ keep    │   1 │     980 │       1306 │ 新增查询能量调制的… │ │
│ │ cand-000073 │ discard │   0 │     925 │       1302 │ 将 DEPTH 从 8 改为  │ │
│ │             │         │     │         │            │ 7。                 │ │
│ │ cand-000070 │ discard │   2 │      17 │       2377 │ 将 AdamW beta2      │ │
│ │             │         │     │         │            │ 提高到              │ │
│ │             │         │     │         │            │ 0.9625。factored    │ │
│ │             │         │     │         │            │ 二阶矩更新...       │ │
│ │ cand-000071 │ discard │   3 │       2 │       2300 │ 在 MLP              │ │
│ │             │         │     │         │            │ 激活后加入四组      │ │
│ │             │         │     │         │            │ basis mixing。使用  │ │
│ │             │         │     │         │            │ identity ...        │ │
│ │ cand-000075 │ discard │   0 │    1123 │       1240 │ 新增 hard first     │ │
│ │             │         │     │         │            │ 候选批采样。候选数… │ │
│ │ cand-000074 │ discard │   1 │     917 │       1250 │ 新增 lm_head 前     │ │
│ │             │         │     │         │            │ centered RMS        │ │
│ │             │         │     │         │            │ 归一化。已通过      │ │
│ │             │         │     │         │            │ py_co...            │ │
│ │ cand-000083 │ discard │   1 │     336 │       1336 │ 在 MLP              │ │
│ │             │         │     │         │            │ 中加入可学习激活混… │ │
│ └─────────────┴─────────┴─────┴─────────┴────────────┴─────────────────────┘ │
│                               Failure Reasons                                │
│ ┏━━━━━━━━━━━━━━━━━━━━━━━━━━━━━━━━━━━━━━━━━━━━━━━━━━━━━━━┳━━━━━━━━━━━━━━━━━━┓ │
│ ┃ reason                                                ┃            count ┃ │
│ ┡━━━━━━━━━━━━━━━━━━━━━━━━━━━━━━━━━━━━━━━━━━━━━━━━━━━━━━━╇━━━━━━━━━━━━━━━━━━┩ │
│ │ metric_not_improved                                   │               15 │ │
│ └───────────────────────────────────────────────────────┴──────────────────┘ │
│                                Recent Events                                 │
│ ┏━━━━━━━━━━━━━━━━━━━━━━━━━━━━━━━━━━━━━━━━━━━━━━━━━━━━━━━━━━━━━━━━━━━━━━━━━━┓ │
│ ┃ event                                                                    ┃ │
│ ┡━━━━━━━━━━━━━━━━━━━━━━━━━━━━━━━━━━━━━━━━━━━━━━━━━━━━━━━━━━━━━━━━━━━━━━━━━━┩ │
│ │ 2026-06-02T13:55:09 | candidate_queued (cand-000083)                     │ │
│ │ 2026-06-02T14:00:34 | candidate_discard (cand-000075)                    │ │
│ │ 2026-06-02T14:00:35 | candidate_running (cand-000082, gpu=0)             │ │
│ │ 2026-06-02T14:00:45 | candidate_discard (cand-000074)                    │ │
│ │ 2026-06-02T14:00:45 | candidate_running (cand-000083, gpu=1)             │ │
│ │ 2026-06-02T14:01:09 | candidate_repair_start (cand-000083, try=1)        │ │
│ │ 2026-06-02T14:23:02 | candidate_repair_rerun_done (cand-000083, try=1)   │ │
│ │ 2026-06-02T14:23:02 | candidate_discard (cand-000083)                    │ │
│ └──────────────────────────────────────────────────────────────────────────┘ │
╰──────────────────────────────────────────────────────────────────────────────╯ finished completed_runs=20 best_val_bpb=0.987075
